2026-07-03 09:58:57.878 - DBeaver 26.1.1.202606211757 is starting
2026-07-03 09:58:57.881 - OS: Windows 10 10.0 (amd64)
2026-07-03 09:58:57.882 - Java version: 21.0.10 by Eclipse Adoptium (64bit)
2026-07-03 09:58:57.883 - Install path: 'C:\Users\mega\AppData\Local\DBeaver'
2026-07-03 09:58:57.883 - Instance path: 'file:/C:/big21/database/workspace/'
2026-07-03 09:58:57.887 - Memory available 64Mb/1024Mb
2026-07-03 09:58:57.896 - Initialize desktop platform...
2026-07-03 09:58:58.447 - BounceCastle bundle found. Use JCE provider BC
> Start Core File Systems [org.eclipse.core.filesystem 1.11.400.v20251107-0507]
> Start Core Resource Management [org.eclipse.core.resources 3.24.0.v20260518-1150]
> Start DBeaver UI Navigator [org.jkiss.dbeaver.ui.navigator 1.0.181.202606211757]
> Start 팀 지원 핵심 [org.eclipse.team.core 3.10.1000.v20260112-1030]
2026-07-03 09:58:58.853 - Initialize base platform...
2026-07-03 09:58:58.870 - Platform initialized (975ms)
2026-07-03 09:58:58.900 - 	Create display
2026-07-03 09:58:59.084 - 	Patch workbench configuration
2026-07-03 09:58:59.647 - 	Starting instance server at http://localhost:54935
2026-07-03 09:58:59.663 - Run workbench
> Start Eclipse e4 작업영역 SWT [org.eclipse.e4.ui.workbench.swt 0.18.100.v20260430-1313]
> Start Eclipse Application Services [org.eclipse.e4.core.services 2.5.400.v20260430-1313]
> Start Eclipse UI Application Services [org.eclipse.e4.ui.services 1.6.700.v20260430-1313]
> Start Eclipse e4 Progress View [org.eclipse.e4.ui.progress 0.5.100.v20260516-1214]
> Start Eclipse Bindings Support [org.eclipse.e4.ui.bindings 0.15.100.v20260430-1313]
> Start Eclipse e4 core commands [org.eclipse.e4.core.commands 1.1.800.v20260430-1313]
> Start EMF XML/XMI Persistence [org.eclipse.emf.ecore.xmi 2.40.0.v20251210-1145]
> Start Eclipse CSS SWT Theme Support [org.eclipse.e4.ui.css.swt.theme 0.15.100.v20260507-0340]
> Start Eclipse e4 작업영역 기능 추가 [org.eclipse.e4.ui.workbench.addons.swt 1.6.100.v20260430-1313]
Warning: NLS unused message: WorkbenchPreference_reuseEditorsThreshold in: org.eclipse.ui.internal.messages
Warning: NLS unused message: 이유 in: org.eclipse.ui.internal.messages
> Start Eclipse e4 작업영역 SWT 렌더러 [org.eclipse.e4.ui.workbench.renderers.swt 0.18.0.v20260508-0707]
> Start Eclipse Dependency Injection Extensions [org.eclipse.e4.core.di.extensions 0.18.300.v20240413-1529]
> Start DBeaver AI Model [org.jkiss.dbeaver.model.ai 2.0.24.202606211757]
> Start DBeaver AI UI [org.jkiss.dbeaver.ui.ai 1.0.83.202606211757]
> Start Eclipse CSS SWT Support [org.eclipse.e4.ui.css.swt 0.17.0.v20260516-1214]
Warning: NLS unused message: IDEApplication_workspaceCannotLockTitle in: org.eclipse.ui.internal.ide.messages
> Start Internet Connection Management [org.eclipse.core.net 1.5.900.v20260507-0401]
> Start Equinox Java Authentication and Authorization Service (JAAS) [org.eclipse.equinox.security 1.4.700.v20250622-1644]
> Start 인터넷 연결 관리 사용자 인터페이스 [org.eclipse.ui.net 1.6.0.v20251219-1227]
> Start GEF Classic Draw2d [org.eclipse.draw2d 3.23.0.202605171958]
> Start GEF Classic GEF (MVC) [org.eclipse.gef 3.26.0.202605171956]
> Start JFace 텍스트 [org.eclipse.jface.text 3.31.0.v20260428-1719]
> Start 텍스트 [org.eclipse.text 3.14.700.v20260326-1107]
> Start 기본 문서 편집기 [org.eclipse.ui.editors 3.22.0.v20260421-0620]
> Start 텍스트 편집기 프레임워크 [org.eclipse.ui.workbench.texteditor 3.20.100.v20260505-0620]
2026-07-03 09:59:03.188 - Configure workbench window
> Start DBeaver SQL Model [org.jkiss.dbeaver.model.sql 1.0.171.202606211757]
2026-07-03 09:59:03.401 - Total database drivers: 132 (132)
> Start 도움말 시스템 코어 [org.eclipse.help 3.11.100.v20260408-1441]
2026-07-03 09:59:03.511 - Create actions
2026-07-03 09:59:04.386 - Initialize workbench window
2026-07-03 09:59:04.416 - Finish initialization
> Start DBeaver UI Editors - Data [org.jkiss.dbeaver.ui.editors.data 1.0.181.202606211757]
> Start DBeaver UI Editors - SQL [org.jkiss.dbeaver.ui.editors.sql 1.0.181.202606211757]
Warning: NLS unused message: FindReplace_RegExCheckbox_label in: org.eclipse.ui.texteditor.EditorMessages
Warning: NLS unused message: FindReplace_WrapCheckBox_label in: org.eclipse.ui.texteditor.EditorMessages
Warning: NLS unused message: FindReplace_IncrementalCheckBox_label in: org.eclipse.ui.texteditor.EditorMessages
Warning: NLS unused message: FindReplace_Options in: org.eclipse.ui.texteditor.EditorMessages
Warning: NLS unused message: FindReplace_ReplaceSelectionButton_label in: org.eclipse.ui.texteditor.EditorMessages
Warning: NLS unused message: FindReplace_SelectedRangeRadioButton_label in: org.eclipse.ui.texteditor.EditorMessages
Warning: NLS unused message: FindReplace_SelectAllButton_label in: org.eclipse.ui.texteditor.EditorMessages
Warning: NLS unused message: FindReplace_GlobalRadioButton_label in: org.eclipse.ui.texteditor.EditorMessages
Warning: NLS unused message: FindReplace_WholeWordCheckBox_label in: org.eclipse.ui.texteditor.EditorMessages
Warning: NLS unused message: FindReplace_ReplaceFindButton_label in: org.eclipse.ui.texteditor.EditorMessages
Warning: NLS unused message: FindReplace_BackwardRadioButton_label in: org.eclipse.ui.texteditor.EditorMessages
Warning: NLS unused message: FindReplace_CloseButton_label in: org.eclipse.ui.texteditor.EditorMessages
Warning: NLS unused message: FindReplace_Replace_label in: org.eclipse.ui.texteditor.EditorMessages
Warning: NLS unused message: FindReplace_CaseCheckBox_label in: org.eclipse.ui.texteditor.EditorMessages
Warning: NLS unused message: FindReplace_Status_replacements_label in: org.eclipse.ui.texteditor.EditorMessages
Warning: NLS unused message: FindReplace_title in: org.eclipse.ui.texteditor.EditorMessages
Warning: NLS unused message: FindReplace_Direction in: org.eclipse.ui.texteditor.EditorMessages
Warning: NLS unused message: FindReplace_ReplaceAllButton_label in: org.eclipse.ui.texteditor.EditorMessages
Warning: NLS unused message: FindReplace_Scope in: org.eclipse.ui.texteditor.EditorMessages
Warning: NLS unused message: FindReplace_Find_label in: org.eclipse.ui.texteditor.EditorMessages
Warning: NLS unused message: FindReplace_ForwardRadioButton_label in: org.eclipse.ui.texteditor.EditorMessages
Warning: NLS unused message: FindReplace_FindNextButton_label in: org.eclipse.ui.texteditor.EditorMessages
> Start DBeaver SQL Terminal [org.jkiss.dbeaver.ui.editors.sql.terminal 1.0.157.202606211757]
> Start 핵심 비교 지원 [org.eclipse.compare.core 3.8.800.v20250718-1505]
> Start DBeaver Sample Database [org.jkiss.dbeaver.ui.config.sample 1.0.218.202606211757]
2026-07-03 09:59:07.163 - Open [https://dbeaver.io/product/version.xml]
> Start DBeaver ERD UI [org.jkiss.dbeaver.ui.editors.erd 3.1.22.202606211757]
> Start DBeaver ERD Model [org.jkiss.dbeaver.model.erd 1.1.22.202606211757]
> Start DBeaver Dashboard UI [org.jkiss.dbeaver.ui.dashboard 1.0.178.202606211757]
> Start DBeaver JDBC Model [org.jkiss.dbeaver.model.jdbc 1.0.74.202606211757]
> Start DBeaver PostgreSQL Model [org.jkiss.dbeaver.ext.postgresql 2.1.254.202606211757]
> Start 콘솔 [org.eclipse.ui.console 3.17.0.v20260430-1810]
> Start 디버그 핵심 [org.eclipse.debug.core 3.23.300.v20260513-0740]
2026-07-03 09:59:08.304 - Connect with 'shop_real' (postgres-jdbc-19f1bab5d75-2a6a0af253052808)
> Start DBeaver SQL Language Semantic Model [org.jkiss.dbeaver.model.lsm 1.0.76.202606211757]
> Start DBeaver GIS Support [org.jkiss.dbeaver.data.gis 1.0.205.202606211757]
2026-07-03 09:59:08.387 - Execution context opened (shop_real; Main <shop_real>; 0)
2026-07-03 09:59:08.399 - Initiate connection to PostgreSQL database [shop_real@localhost] for Main <shop_real>
2026-07-03 09:59:08.923 - Execution context opened (shop_real; Metadata <shop_real>; 1)
2026-07-03 09:59:08.924 - Initiate connection to PostgreSQL database [shop_real@localhost] for Metadata <shop_real>
2026-07-03 09:59:09.063 - Connected (postgres-jdbc-19f1bab5d75-2a6a0af253052808, PostgreSQL JDBC Driver [42.7.11])
2026-07-03 09:59:09.269 - Execution context opened (shop_real; SQLEditor <marketing50.sql>; 2)
2026-07-03 09:59:09.272 - Initiate connection to PostgreSQL database [shop_real@localhost] for SQLEditor <marketing50.sql>
> Start DBeaver Tasks - Native Tools UI [org.jkiss.dbeaver.tasks.native.ui 1.0.159.202606211757]
> Start DBeaver PostgreSQL UI [org.jkiss.dbeaver.ext.postgresql.ui 1.0.157.202606211757]
> Start DBeaver Tasks - General UI [org.jkiss.dbeaver.tasks.ui 1.0.159.202606211757]
2026-07-03 10:38:16.284 - Execution context opened (shop_real; SQLEditor <Script-4.sql>; 3)
2026-07-03 10:38:16.285 - Initiate connection to PostgreSQL database [shop_real@localhost] for SQLEditor <Script-4.sql>
> Start DBeaver Data Transfer [org.jkiss.dbeaver.data.transfer 2.0.165.202606211757]
2026-07-03 12:59:34.184 - Application goes into sleep mode
2026-07-03 13:39:49.165 - Application wakes
2026-07-03 15:55:14.088 - Table 'shop_real.public.customer_order_summary' not found in metadata catalog
2026-07-03 15:55:14.089 - Table 'shop_real.public.customer_order_summary' not found in metadata catalog
2026-07-03 15:55:14.089 - Table 'shop_real.public.customer_order_summary' not found in metadata catalog
2026-07-03 15:55:14.089 - Table 'shop_real.public.customer_order_summary' not found in metadata catalog
2026-07-03 15:55:39.993 - Table 'shop_real.public.customer_order_summary' not found in metadata catalog
2026-07-03 15:55:39.993 - Table 'shop_real.public.customer_order_summary' not found in metadata catalog
2026-07-03 15:55:39.993 - Table 'shop_real.public.customer_order_summary' not found in metadata catalog
2026-07-03 15:55:39.993 - Table 'shop_real.public.customer_order_summary' not found in metadata catalog
> Start DBeaver UI Editors - Entity [org.jkiss.dbeaver.ui.editors.entity 1.0.181.202606211757]
2026-07-03 16:29:54.064 - Execution context closed (shop_real, 3)
2026-07-03 16:35:47.741 - Table 'first_order' not found in metadata catalog
2026-07-03 16:52:10.491 - No presentations for result set [JDBCResultSetImpl]
2026-07-03 16:52:10.507 - No presentations for result set [JDBCResultSetImpl]
2026-07-03 16:52:12.035 - No presentations for result set [JDBCResultSetImpl]
2026-07-03 16:52:48.230 - Table 'cond' not found in metadata catalog
2026-07-03 16:52:48.230 - Table 'cond' not found in metadata catalog
2026-07-03 16:53:34.052 - Table 'cond' not found in metadata catalog
2026-07-03 16:53:34.052 - Table 'cond' not found in metadata catalog
2026-07-03 16:54:10.783 - Table 'cond' not found in metadata catalog
2026-07-03 16:54:10.783 - Table 'cond' not found in metadata catalog
2026-07-03 16:55:08.678 - Table 'cond' not found in metadata catalog
2026-07-03 16:55:08.678 - Table 'cond' not found in metadata catalog
2026-07-03 16:55:13.627 - Table 'cond' not found in metadata catalog
2026-07-03 16:55:13.628 - Table 'cond' not found in metadata catalog
2026-07-03 16:55:28.868 - Table 'cond' not found in metadata catalog
2026-07-03 16:55:28.869 - Table 'cond' not found in metadata catalog
2026-07-03 16:55:34.758 - Table 'cond' not found in metadata catalog
2026-07-03 16:55:34.758 - Table 'cond' not found in metadata catalog
2026-07-03 16:55:52.809 - Table 'cond' not found in metadata catalog
2026-07-03 16:55:52.809 - Table 'cond' not found in metadata catalog
2026-07-03 17:25:09.074 - No presentations for result set [JDBCResultSetImpl]
2026-07-03 17:29:22.195 - Table 'rnk' not found in metadata catalog
2026-07-03 17:38:56.645 - Execution context opened (shop_real; SQLEditor <연습문제81~92.sql>; 4)
2026-07-03 17:38:56.645 - Initiate connection to PostgreSQL database [shop_real@localhost] for SQLEditor <연습문제81~92.sql>
2026-07-03 17:38:58.302 - Execution context opened (shop_real; SQLEditor <연습문제93~100.sql>; 5)
2026-07-03 17:38:58.302 - Initiate connection to PostgreSQL database [shop_real@localhost] for SQLEditor <연습문제93~100.sql>
2026-07-03 17:40:52.788 - Table 'res' not found in metadata catalog
2026-07-03 17:40:52.788 - Table 'res' not found in metadata catalog
2026-07-03 17:41:04.068 - Table 'res' not found in metadata catalog
2026-07-03 17:41:04.068 - Table 'res' not found in metadata catalog
2026-07-03 17:41:23.280 - Table 'res' not found in metadata catalog
2026-07-03 17:41:23.280 - Table 'res' not found in metadata catalog
2026-07-03 17:47:41.251 - Token location is outside of the document boundaries during query parsing
2026-07-03 18:05:02.067 - Cannot adapt date and/or time value of the unexpected type java.lang.String
2026-07-03 18:05:02.067 - Cannot adapt date and/or time value of the unexpected type java.lang.String
2026-07-03 18:05:02.082 - Cannot adapt date and/or time value of the unexpected type java.lang.String
2026-07-03 18:05:02.082 - Cannot adapt date and/or time value of the unexpected type java.lang.String
2026-07-03 18:14:21.282 - Token location is outside of the document boundaries during query parsing
2026-07-03 18:20:46.866 - Table 'rfm' not found in metadata catalog
2026-07-03 18:20:46.866 - Table 'rfm' not found in metadata catalog
2026-07-03 18:20:46.866 - Table 'rfm' not found in metadata catalog
2026-07-03 18:23:07.594 - Table 'rfm' not found in metadata catalog
2026-07-03 18:23:07.594 - Table 'rfm' not found in metadata catalog
2026-07-03 18:23:07.595 - Table 'rfm' not found in metadata catalog
2026-07-03 18:24:50.425 - Table 'rfm' not found in metadata catalog
2026-07-03 18:24:50.426 - Table 'rfm' not found in metadata catalog
2026-07-03 18:24:50.426 - Table 'rfm' not found in metadata catalog
2026-07-03 18:25:39.399 - Table 'rfm' not found in metadata catalog
2026-07-03 18:25:39.399 - Table 'rfm' not found in metadata catalog
2026-07-03 18:25:39.399 - Table 'rfm' not found in metadata catalog
2026-07-03 18:25:43.083 - Table 'rfm' not found in metadata catalog
2026-07-03 18:25:43.083 - Table 'rfm' not found in metadata catalog
2026-07-03 18:25:43.084 - Table 'rfm' not found in metadata catalog
2026-07-03 18:25:51.563 - Table 'rfm' not found in metadata catalog
2026-07-03 18:25:51.564 - Table 'rfm' not found in metadata catalog
2026-07-03 18:25:51.564 - Table 'rfm' not found in metadata catalog
2026-07-03 18:25:54.659 - Table 'rfm' not found in metadata catalog
2026-07-03 18:25:54.660 - Table 'rfm' not found in metadata catalog
2026-07-03 18:25:54.660 - Table 'rfm' not found in metadata catalog
2026-07-03 18:25:58.181 - Table 'rfm' not found in metadata catalog
2026-07-03 18:25:58.182 - Table 'rfm' not found in metadata catalog
2026-07-03 18:25:58.182 - Table 'rfm' not found in metadata catalog
2026-07-03 18:29:35.172 - Table 'rfm' not found in metadata catalog
2026-07-03 18:29:35.172 - Table 'rfm' not found in metadata catalog
2026-07-03 18:29:35.172 - Table 'rfm' not found in metadata catalog
