2026-07-01 15:48:04.546 - DBeaver 26.1.1.202606211757 is starting
2026-07-01 15:48:04.548 - OS: Windows 10 10.0 (amd64)
2026-07-01 15:48:04.549 - Java version: 21.0.10 by Eclipse Adoptium (64bit)
2026-07-01 15:48:04.549 - Install path: 'C:\Users\mega\AppData\Local\DBeaver'
2026-07-01 15:48:04.549 - Instance path: 'file:/C:/big21/database/workspace/'
2026-07-01 15:48:04.551 - Memory available 64Mb/1024Mb
2026-07-01 15:48:04.555 - Initialize desktop platform...
2026-07-01 15:48:04.842 - BounceCastle bundle found. Use JCE provider BC
> Start Core File Systems [org.eclipse.core.filesystem 1.11.400.v20251107-0507]
> Start Core Resource Management [org.eclipse.core.resources 3.24.0.v20260518-1150]
> Start 팀 지원 핵심 [org.eclipse.team.core 3.10.1000.v20260112-1030]
> Start DBeaver UI Navigator [org.jkiss.dbeaver.ui.navigator 1.0.181.202606211757]
2026-07-01 15:48:05.071 - Initialize base platform...
2026-07-01 15:48:05.079 - Platform initialized (524ms)
2026-07-01 15:48:05.093 - 	Create display
2026-07-01 15:48:05.192 - 	Patch workbench configuration
2026-07-01 15:48:05.444 - 	Starting instance server at http://localhost:56309
2026-07-01 15:48:05.453 - Run workbench
> Start Eclipse e4 작업영역 SWT [org.eclipse.e4.ui.workbench.swt 0.18.100.v20260430-1313]
> Start Eclipse Application Services [org.eclipse.e4.core.services 2.5.400.v20260430-1313]
> Start Eclipse UI Application Services [org.eclipse.e4.ui.services 1.6.700.v20260430-1313]
> Start Eclipse e4 Progress View [org.eclipse.e4.ui.progress 0.5.100.v20260516-1214]
> Start Eclipse Bindings Support [org.eclipse.e4.ui.bindings 0.15.100.v20260430-1313]
> Start Eclipse e4 core commands [org.eclipse.e4.core.commands 1.1.800.v20260430-1313]
> Start EMF XML/XMI Persistence [org.eclipse.emf.ecore.xmi 2.40.0.v20251210-1145]
> Start Eclipse CSS SWT Theme Support [org.eclipse.e4.ui.css.swt.theme 0.15.100.v20260507-0340]
> Start Eclipse e4 작업영역 기능 추가 [org.eclipse.e4.ui.workbench.addons.swt 1.6.100.v20260430-1313]
Warning: NLS unused message: WorkbenchPreference_reuseEditorsThreshold in: org.eclipse.ui.internal.messages
Warning: NLS unused message: 이유 in: org.eclipse.ui.internal.messages
> Start Eclipse e4 작업영역 SWT 렌더러 [org.eclipse.e4.ui.workbench.renderers.swt 0.18.0.v20260508-0707]
> Start Eclipse Dependency Injection Extensions [org.eclipse.e4.core.di.extensions 0.18.300.v20240413-1529]
> Start DBeaver AI Model [org.jkiss.dbeaver.model.ai 2.0.24.202606211757]
> Start DBeaver AI UI [org.jkiss.dbeaver.ui.ai 1.0.83.202606211757]
> Start Eclipse CSS SWT Support [org.eclipse.e4.ui.css.swt 0.17.0.v20260516-1214]
Warning: NLS unused message: IDEApplication_workspaceCannotLockTitle in: org.eclipse.ui.internal.ide.messages
> Start Internet Connection Management [org.eclipse.core.net 1.5.900.v20260507-0401]
> Start Equinox Java Authentication and Authorization Service (JAAS) [org.eclipse.equinox.security 1.4.700.v20250622-1644]
> Start 인터넷 연결 관리 사용자 인터페이스 [org.eclipse.ui.net 1.6.0.v20251219-1227]
> Start GEF Classic Draw2d [org.eclipse.draw2d 3.23.0.202605171958]
> Start GEF Classic GEF (MVC) [org.eclipse.gef 3.26.0.202605171956]
> Start JFace 텍스트 [org.eclipse.jface.text 3.31.0.v20260428-1719]
> Start 텍스트 [org.eclipse.text 3.14.700.v20260326-1107]
> Start 기본 문서 편집기 [org.eclipse.ui.editors 3.22.0.v20260421-0620]
> Start 텍스트 편집기 프레임워크 [org.eclipse.ui.workbench.texteditor 3.20.100.v20260505-0620]
2026-07-01 15:48:07.844 - Configure workbench window
> Start DBeaver SQL Model [org.jkiss.dbeaver.model.sql 1.0.171.202606211757]
2026-07-01 15:48:08.013 - Total database drivers: 132 (132)
> Start 도움말 시스템 코어 [org.eclipse.help 3.11.100.v20260408-1441]
2026-07-01 15:48:08.100 - Create actions
2026-07-01 15:48:08.754 - Initialize workbench window
2026-07-01 15:48:08.774 - Finish initialization
> Start DBeaver UI Editors - Data [org.jkiss.dbeaver.ui.editors.data 1.0.181.202606211757]
> Start DBeaver UI Editors - SQL [org.jkiss.dbeaver.ui.editors.sql 1.0.181.202606211757]
Warning: NLS unused message: FindReplace_RegExCheckbox_label in: org.eclipse.ui.texteditor.EditorMessages
Warning: NLS unused message: FindReplace_WrapCheckBox_label in: org.eclipse.ui.texteditor.EditorMessages
Warning: NLS unused message: FindReplace_IncrementalCheckBox_label in: org.eclipse.ui.texteditor.EditorMessages
Warning: NLS unused message: FindReplace_Options in: org.eclipse.ui.texteditor.EditorMessages
Warning: NLS unused message: FindReplace_ReplaceSelectionButton_label in: org.eclipse.ui.texteditor.EditorMessages
Warning: NLS unused message: FindReplace_SelectedRangeRadioButton_label in: org.eclipse.ui.texteditor.EditorMessages
Warning: NLS unused message: FindReplace_SelectAllButton_label in: org.eclipse.ui.texteditor.EditorMessages
Warning: NLS unused message: FindReplace_GlobalRadioButton_label in: org.eclipse.ui.texteditor.EditorMessages
Warning: NLS unused message: FindReplace_WholeWordCheckBox_label in: org.eclipse.ui.texteditor.EditorMessages
Warning: NLS unused message: FindReplace_ReplaceFindButton_label in: org.eclipse.ui.texteditor.EditorMessages
Warning: NLS unused message: FindReplace_BackwardRadioButton_label in: org.eclipse.ui.texteditor.EditorMessages
Warning: NLS unused message: FindReplace_CloseButton_label in: org.eclipse.ui.texteditor.EditorMessages
Warning: NLS unused message: FindReplace_Replace_label in: org.eclipse.ui.texteditor.EditorMessages
Warning: NLS unused message: FindReplace_CaseCheckBox_label in: org.eclipse.ui.texteditor.EditorMessages
Warning: NLS unused message: FindReplace_Status_replacements_label in: org.eclipse.ui.texteditor.EditorMessages
Warning: NLS unused message: FindReplace_title in: org.eclipse.ui.texteditor.EditorMessages
Warning: NLS unused message: FindReplace_Direction in: org.eclipse.ui.texteditor.EditorMessages
Warning: NLS unused message: FindReplace_ReplaceAllButton_label in: org.eclipse.ui.texteditor.EditorMessages
Warning: NLS unused message: FindReplace_Scope in: org.eclipse.ui.texteditor.EditorMessages
Warning: NLS unused message: FindReplace_Find_label in: org.eclipse.ui.texteditor.EditorMessages
Warning: NLS unused message: FindReplace_ForwardRadioButton_label in: org.eclipse.ui.texteditor.EditorMessages
Warning: NLS unused message: FindReplace_FindNextButton_label in: org.eclipse.ui.texteditor.EditorMessages
> Start DBeaver SQL Terminal [org.jkiss.dbeaver.ui.editors.sql.terminal 1.0.157.202606211757]
> Start 핵심 비교 지원 [org.eclipse.compare.core 3.8.800.v20250718-1505]
> Start DBeaver Sample Database [org.jkiss.dbeaver.ui.config.sample 1.0.218.202606211757]
> Start DBeaver Dashboard UI [org.jkiss.dbeaver.ui.dashboard 1.0.178.202606211757]
> Start DBeaver ERD UI [org.jkiss.dbeaver.ui.editors.erd 3.1.22.202606211757]
> Start DBeaver ERD Model [org.jkiss.dbeaver.model.erd 1.1.22.202606211757]
> Start DBeaver JDBC Model [org.jkiss.dbeaver.model.jdbc 1.0.74.202606211757]
> Start DBeaver PostgreSQL Model [org.jkiss.dbeaver.ext.postgresql 2.1.254.202606211757]
> Start 콘솔 [org.eclipse.ui.console 3.17.0.v20260430-1810]
> Start 디버그 핵심 [org.eclipse.debug.core 3.23.300.v20260513-0740]
2026-07-01 15:48:11.647 - Connect with 'shop_real' (postgres-jdbc-19f1bab5d75-2a6a0af253052808)
> Start DBeaver GIS Support [org.jkiss.dbeaver.data.gis 1.0.205.202606211757]
2026-07-01 15:48:11.695 - Execution context opened (shop_real; Main <shop_real>; 0)
2026-07-01 15:48:11.702 - Initiate connection to PostgreSQL database [shop_real@localhost] for Main <shop_real>
> Start DBeaver SQL Language Semantic Model [org.jkiss.dbeaver.model.lsm 1.0.76.202606211757]
2026-07-01 15:48:11.981 - Execution context opened (shop_real; Metadata <shop_real>; 1)
2026-07-01 15:48:11.994 - Initiate connection to PostgreSQL database [shop_real@localhost] for Metadata <shop_real>
2026-07-01 15:48:12.073 - Connected (postgres-jdbc-19f1bab5d75-2a6a0af253052808, PostgreSQL JDBC Driver [42.7.11])
2026-07-01 15:48:12.133 - Execution context opened (shop_real; SQLEditor <연습문제93~100.sql>; 2)
2026-07-01 15:48:12.134 - Initiate connection to PostgreSQL database [shop_real@localhost] for SQLEditor <연습문제93~100.sql>
> Start DBeaver Tasks - Native Tools UI [org.jkiss.dbeaver.tasks.native.ui 1.0.159.202606211757]
> Start DBeaver PostgreSQL UI [org.jkiss.dbeaver.ext.postgresql.ui 1.0.157.202606211757]
> Start DBeaver Tasks - General UI [org.jkiss.dbeaver.tasks.ui 1.0.159.202606211757]
2026-07-01 15:48:22.512 - Execution context opened (shop_real; SQLEditor <0701.sql>; 3)
2026-07-01 15:48:22.512 - Initiate connection to PostgreSQL database [shop_real@localhost] for SQLEditor <0701.sql>
> Start DBeaver Data Transfer [org.jkiss.dbeaver.data.transfer 2.0.165.202606211757]
2026-07-01 16:04:02.726 - Error while analyzing query text: -- 입고 테이블 값을 상품 테이블 재고 수정
update products as p
   set p.stock_quantity = p.stock_quantity + r.quan
  from restock as r
 where p.product_id = r.product_id 	-- 1, 3번
java.lang.IllegalStateException: Rows data was not resolved yet
	at org.jkiss.dbeaver.model.sql.semantics.model.select.SQLQueryRowsSourceModel.getRowsDataContext(SQLQueryRowsSourceModel.java:52)
	at org.jkiss.dbeaver.model.sql.semantics.model.dml.SQLQueryUpdateModel.resolveValueRelations(SQLQueryUpdateModel.java:278)
	at org.jkiss.dbeaver.model.sql.semantics.model.SQLQueryModel.resolveRelations(SQLQueryModel.java:73)
	at org.jkiss.dbeaver.model.sql.semantics.SQLQueryModelRecognizer.recognizeQuery(SQLQueryModelRecognizer.java:154)
	at org.jkiss.dbeaver.model.sql.semantics.SQLQueryModelRecognizer.recognizeQuery(SQLQueryModelRecognizer.java:1026)
	at org.jkiss.dbeaver.ui.editors.sql.semantics.SQLBackgroundParsingJob.doWork(SQLBackgroundParsingJob.java:607)
	at org.jkiss.dbeaver.ui.editors.sql.semantics.SQLBackgroundParsingJob$1.run(SQLBackgroundParsingJob.java:87)
	at org.jkiss.dbeaver.model.runtime.AbstractJob.run(AbstractJob.java:110)
	at org.eclipse.core.internal.jobs.Worker.run(Worker.java:63)
2026-07-01 16:20:31.884 - Error while analyzing query text: -- 입고 테이블 값을 상품 테이블 재고 수정
update products as p
   set stock_quantity = p.stock_quantity + r.quantity
  from restock as r
 where p.product_id = r.product_id 	-- 1, 3번

java.lang.IllegalStateException: Rows data was not resolved yet
	at org.jkiss.dbeaver.model.sql.semantics.model.select.SQLQueryRowsSourceModel.getRowsDataContext(SQLQueryRowsSourceModel.java:52)
	at org.jkiss.dbeaver.model.sql.semantics.model.dml.SQLQueryUpdateModel.resolveValueRelations(SQLQueryUpdateModel.java:278)
	at org.jkiss.dbeaver.model.sql.semantics.model.SQLQueryModel.resolveRelations(SQLQueryModel.java:73)
	at org.jkiss.dbeaver.model.sql.semantics.SQLQueryModelRecognizer.recognizeQuery(SQLQueryModelRecognizer.java:154)
	at org.jkiss.dbeaver.model.sql.semantics.SQLQueryModelRecognizer.recognizeQuery(SQLQueryModelRecognizer.java:1026)
	at org.jkiss.dbeaver.ui.editors.sql.semantics.SQLBackgroundParsingJob.doWork(SQLBackgroundParsingJob.java:607)
	at org.jkiss.dbeaver.ui.editors.sql.semantics.SQLBackgroundParsingJob$1.run(SQLBackgroundParsingJob.java:87)
	at org.jkiss.dbeaver.model.runtime.AbstractJob.run(AbstractJob.java:110)
	at org.eclipse.core.internal.jobs.Worker.run(Worker.java:63)
2026-07-01 16:36:18.338 - Execution context opened (shop_real; SQLEditor <연습문제81~92.sql>; 4)
2026-07-01 16:36:18.339 - Initiate connection to PostgreSQL database [shop_real@localhost] for SQLEditor <연습문제81~92.sql>
2026-07-01 16:45:47.943 - Table 'total_amount_mon' not found in metadata catalog
2026-07-01 16:45:57.326 - Table 'total_amount_mon' not found in metadata catalog
2026-07-01 16:45:57.327 - Table 'total_amount_mon' not found in metadata catalog
2026-07-01 16:46:34.040 - Table 'total_amount_mon' not found in metadata catalog
2026-07-01 16:46:34.041 - Table 'total_amount_mon' not found in metadata catalog
2026-07-01 16:46:42.297 - Table 'total_amount_mon' not found in metadata catalog
2026-07-01 16:46:42.297 - Table 'total_amount_mon' not found in metadata catalog
2026-07-01 16:49:00.947 - Table 'total_amount_mon' not found in metadata catalog
2026-07-01 16:49:00.948 - Table 'total_amount_mon' not found in metadata catalog
2026-07-01 16:49:33.180 - Table 'total_amount_mon' not found in metadata catalog
2026-07-01 16:49:33.180 - Table 'total_amount_mon' not found in metadata catalog
2026-07-01 16:59:17.219 - Table 'total' not found in metadata catalog
2026-07-01 16:59:46.646 - Table 'total' not found in metadata catalog
2026-07-01 17:00:18.321 - Table 'total' not found in metadata catalog
2026-07-01 17:00:28.418 - Table 'total' not found in metadata catalog
2026-07-01 17:04:01.539 - Table 'top_ten' not found in metadata catalog
2026-07-01 17:04:44.432 - Table 'top_ten' not found in metadata catalog
2026-07-01 17:05:30.001 - Table 'top_ten' not found in metadata catalog
2026-07-01 17:05:49.131 - Table 'top_ten' not found in metadata catalog
2026-07-01 17:06:13.745 - Table 'top_ten' not found in metadata catalog
2026-07-01 17:21:41.135 - Table 'nt' not found in metadata catalog
2026-07-01 17:28:14.908 - Table 'nt' not found in metadata catalog
2026-07-01 17:28:15.206 - Execution context opened (shop_real; SQLEditor <Script-4.sql>; 5)
2026-07-01 17:28:15.206 - Initiate connection to PostgreSQL database [shop_real@localhost] for SQLEditor <Script-4.sql>
2026-07-01 17:28:17.715 - Delete empty SQL script '\General\Scripts\Script-4.sql'
2026-07-01 17:28:17.728 - Execution context closed (shop_real, 5)
2026-07-01 17:48:39.809 - Table 'pr' not found in metadata catalog
2026-07-01 17:49:57.815 - Table 'pr' not found in metadata catalog
2026-07-01 17:55:15.436 - No presentations for result set [JDBCResultSetImpl]
2026-07-01 18:06:29.029 - Table 'st' not found in metadata catalog
2026-07-01 18:53:26.634 - Execution context closed (shop_real, 2)
2026-07-01 18:53:26.699 - Execution context closed (shop_real, 4)
2026-07-01 18:53:26.759 - Execution context closed (shop_real, 3)
2026-07-01 18:53:26.955 - Dispose navigator model
2026-07-01 18:53:26.980 - DBeaver is stopping
2026-07-01 18:53:26.982 - Stop instance server
2026-07-01 18:53:26.983 - Instance server has been stopped
2026-07-01 18:53:26.993 - DBeaver shutdown completed
2026-07-01 18:53:27.041 - Shutdown desktop platform...
2026-07-01 18:53:27.056 - Execution context closed (shop_real, 0)
2026-07-01 18:53:27.067 - Execution context closed (shop_real, 1)
2026-07-01 18:53:27.067 - Disconnected (postgres-jdbc-19f1bab5d75-2a6a0af253052808)
2026-07-01 18:53:27.473 - Platform shutdown completed (430ms)
